╭──────────────────────────────────────────── Preset 5: Real-World Layout ─────────────────────────────────────────────╮
│┌──────────────────────────────────────────────────────Fixed(3)──────────────────────────────────────────────────────┐│
││118x3 @(1,1)                                                                                                        ││
│└────────────────────────────────────────────────────────────────────────────────────────────────────────────────────┘│
│┌────Fixed(20)─────┐┌─────────────────────────────Min(20)──────────────────────────────┐┌──────────Max(30)───────────┐│
││20x16 @(1,4)      ││68x16 @(21,4)                                                     ││30x16 @(89,4)               ││
││                  ││                                                                  ││                            ││
││                  ││                                                                  ││                            ││
││                  ││                                                                  ││                            ││
││                  ││                                                                  ││                            ││
││                  ││                                                                  ││                            ││
││                  ││                                                                  ││                            ││
││                  ││                                                                  ││                            ││
││                  ││                                                                  ││                            ││
││                  ││                                                                  ││                            ││
││                  ││                                                                  ││                            ││
││                  ││                                                                  ││                            ││
││                  ││                                                                  ││                            ││
││                  ││                                                                  ││                            ││
│└──────────────────┘└──────────────────────────────────────────────────────────────────┘└────────────────────────────┘│
│└──────────────────────────────────────────────────────Fixed(1)──────────────────────────────────────────────────────┘│
╰──────────────────────────────────────────────────────────────────────────────────────────────────────────────────────╯
────────────────────────────────────────────────────────────────────────────────────────────────────────────────────────
╭────────────────── Controls ──────────────────╮╭──────────────────────────── Widget Demos ────────────────────────────╮
│Preset: [5] Real-World Layout                 ││┌Padding──────────────────────────┐ ┌Align (l)───────────────────────┐│
│Direction: Vertical (d)                       │││                                 │ │                                ││
│Alignment: Start (a)                          │││ Padding(1)                      │ │                                ││
│Gap: 0 (+/-)                                  │││                                 │ │             Center             ││
│Margin: 0 (m/M)                               │││                                 │ │                                ││
│Padding: 1 (p/P)                              │││                                 │ │                                ││
│Constraints: > Fixed(20)    Min(40)    Max(30)││└─────────────────────────────────┘ └────────────────────────────────┘│
│                                              ││┌Columns──────────────────────────┐ ┌Group───────────────────────────┐│
│                                              │││A          B          C          │ │Overlayayer                     ││
│                                              │││                                 │ │                                ││
│                                              │││                                 │ │                                ││
│                                              │││                                 │ │                                ││
│                                              │││                                 │ │                                ││
│                                              │││                                 │ │                                ││
│                                              ││└─────────────────────────────────┘ └────────────────────────────────┘│
╰──────────────────────────────────────────────╯╰──────────────────────────────────────────────────────────────────────╯