╭───────────────────────────────────────────────── Preset 3: Grid 3x3 ─────────────────────────────────────────────────╮
│                                                                                                                      │
│ ┌────────────────────────────────────────────────────Ratio(1/1)────────────────────────────────────────────────────┐ │
│ │116x3 @(2,2)                                                                                                      │ │
│ └──────────────────────────────────────────────────────────────────────────────────────────────────────────────────┘ │
│                                                                                                                      │
│                                                                                                                      │
│ ┌Fixed(12)─┐  ┌─────────────────────Min(5)─────────────────────┐  ┌─────────────────────Min(5)─────────────────────┐ │
│ │12x13 @(2,│  │50x5 @(16,7)                                    │  │50x5 @(68,7)                                    │ │
│ │          │  │                                                │  │                                                │ │
│ │          │  │                                                │  │                                                │ │
│ │          │  └────────────────────────────────────────────────┘  └────────────────────────────────────────────────┘ │
│ │          │                                                                                                         │
│ │          │                                                                                                         │
│ │          │  ┌─────────────────────Min(5)─────────────────────┐  ┌─────────────────────Min(5)─────────────────────┐ │
│ │          │  │50x6 @(16,14)                                   │  │50x6 @(68,14)                                   │ │
│ │          │  │                                                │  │                                                │ │
│ │          │  │                                                │  │                                                │ │
│ │          │  │                                                │  │                                                │ │
│ └──────────┘  └────────────────────────────────────────────────┘  └────────────────────────────────────────────────┘ │
│                                                                                                                      │
╰──────────────────────────────────────────────────────────────────────────────────────────────────────────────────────╯
────────────────────────────────────────────────────────────────────────────────────────────────────────────────────────
╭────────────────── Controls ──────────────────╮╭──────────────────────────── Widget Demos ────────────────────────────╮
│Preset: [3] Grid 3x3                          ││┌Padding──────────────────────────┐ ┌Align (l)───────────────────────┐│
│Direction: Vertical (d)                       │││                                 │ │                                ││
│Alignment: Start (a)                          │││ Padding(1)                      │ │                                ││
│Gap: 2 (+/-)                                  │││                                 │ │             Center             ││
│Margin: 1 (m/M)                               │││                                 │ │                                ││
│Padding: 1 (p/P)                              │││                                 │ │                                ││
│Constraints: > Ratio(1/3)    Ratio(1/3)    Rat││└─────────────────────────────────┘ └────────────────────────────────┘│
│                                              ││┌Columns──────────────────────────┐ ┌Group───────────────────────────┐│
│                                              │││A          B          C          │ │Overlayayer                     ││
│                                              │││                                 │ │                                ││
│                                              │││                                 │ │                                ││
│                                              │││                                 │ │                                ││
│                                              │││                                 │ │                                ││
│                                              │││                                 │ │                                ││
│                                              ││└─────────────────────────────────┘ └────────────────────────────────┘│
╰──────────────────────────────────────────────╯╰──────────────────────────────────────────────────────────────────────╯