╭─────────────────────────────────────────────── Preset 4: Nested Flex ────────────────────────────────────────────────╮
│┌──────────────────────────────Fixed(3)───────────────────────────────┐┌──────────────────Pct(50%)───────────────────┐│
││71x3 @(1,1)                                                          ││47x10 @(72,1)                                ││
│└─────────────────────────────────────────────────────────────────────┘│                                             ││
│┌───────────────────────────────Min(4)────────────────────────────────┐│                                             ││
││71x14 @(1,4)                                                         ││                                             ││
││                                                                     ││                                             ││
││                                                                     ││                                             ││
││                                                                     ││                                             ││
││                                                                     ││                                             ││
││                                                                     │└─────────────────────────────────────────────┘│
││                                                                     │┌──────────────────Pct(50%)───────────────────┐│
││                                                                     ││47x10 @(72,11)                               ││
││                                                                     ││                                             ││
││                                                                     ││                                             ││
││                                                                     ││                                             ││
││                                                                     ││                                             ││
│└─────────────────────────────────────────────────────────────────────┘│                                             ││
│┌──────────────────────────────Fixed(3)───────────────────────────────┐│                                             ││
││71x3 @(1,18)                                                         ││                                             ││
│└─────────────────────────────────────────────────────────────────────┘└─────────────────────────────────────────────┘│
╰──────────────────────────────────────────────────────────────────────────────────────────────────────────────────────╯
────────────────────────────────────────────────────────────────────────────────────────────────────────────────────────
╭────────────────── Controls ──────────────────╮╭──────────────────────────── Widget Demos ────────────────────────────╮
│Preset: [4] Nested Flex                       ││┌Padding──────────────────────────┐ ┌Align (l)───────────────────────┐│
│Direction: Vertical (d)                       │││                                 │ │                                ││
│Alignment: Start (a)                          │││ Padding(1)                      │ │                                ││
│Gap: 0 (+/-)                                  │││                                 │ │             Center             ││
│Margin: 0 (m/M)                               │││                                 │ │                                ││
│Padding: 1 (p/P)                              │││                                 │ │                                ││
│Constraints: > Pct(60%)    Pct(40%)           ││└─────────────────────────────────┘ └────────────────────────────────┘│
│                                              ││┌Columns──────────────────────────┐ ┌Group───────────────────────────┐│
│                                              │││A          B          C          │ │Overlayayer                     ││
│                                              │││                                 │ │                                ││
│                                              │││                                 │ │                                ││
│                                              │││                                 │ │                                ││
│                                              │││                                 │ │                                ││
│                                              │││                                 │ │                                ││
│                                              ││└─────────────────────────────────┘ └────────────────────────────────┘│
╰──────────────────────────────────────────────╯╰──────────────────────────────────────────────────────────────────────╯